
 RUN  v4.1.11 /Users/role/Code/wisconsin-creative

 ❯ tests/signature-service.test.ts (51 tests | 1 failed | 50 skipped) 23ms
     × stops reading and cancels an artifact stream as soon as the ZIP budget is exceeded 22ms

⎯⎯⎯⎯⎯⎯⎯ Failed Tests 1 ⎯⎯⎯⎯⎯⎯⎯

 FAIL  tests/signature-service.test.ts > signature collection ZIP export > stops reading and cancels an artifact stream as soon as the ZIP budget is exceeded
AssertionError: expected 81 to be 51 // Object.is equality

- Expected
+ Received

- 51
+ 81

 ❯ tests/signature-service.test.ts:673:24
    671|
    672|     await expect(getSignatureCollectionZip("collection-1")).rejects.to…
    673|     expect(chunksRead).toBe(51);
       |                        ^
    674|     expect(cancelled).toHaveBeenCalledOnce();
    675|   });

⎯⎯⎯⎯⎯⎯⎯⎯⎯⎯⎯⎯⎯⎯⎯⎯⎯⎯⎯⎯⎯⎯⎯⎯[1/1]⎯


 Test Files  1 failed (1)
      Tests  1 failed | 50 skipped (51)
   Start at  22:30:47
   Duration  414ms (transform 101ms, setup 14ms, import 322ms, tests 23ms, environment 0ms)

