Discovering workflow directives 1767ms
Created steps bundle 26ms
Created intermediate workflow bundle 21ms
Creating webhook route
Creating manifest...
Created manifest with 12 steps, 6 workflows, and 0 classes 6ms
   ▲ Next.js 15.5.25
   - Environments: .env.local
   - Experiments (use with caution):
     ✓ webpackBuildWorker
     · clientTraceMetadata
     · optimizePackageImports
     ⨯ devtoolSegmentExplorer
     ✓ webpackMemoryOptimizations

   Creating an optimized production build ...
<w> [webpack.cache.PackFileCacheStrategy] Serializing big strings (127kiB) impacts deserialization performance (consider using Buffer instead and decode when needed)
<w> [webpack.cache.PackFileCacheStrategy] Serializing big strings (139kiB) impacts deserialization performance (consider using Buffer instead and decode when needed)
 ✓ Compiled successfully in 36.7s
   Linting and checking validity of types ...

./src/components/Sidebar.tsx
200:36  Warning: 'state' is assigned a value but never used.  @typescript-eslint/no-unused-vars

info  - Need to disable some ESLint rules? Learn more here: https://nextjs.org/docs/app/api-reference/config/eslint#disabling-rules
   Collecting page data ...
   Generating static pages (0/262) ...
   Generating static pages (65/262) 
   Generating static pages (130/262) 
   Generating static pages (196/262) 
 ✓ Generating static pages (262/262)
   Finalizing page optimization ...
   Collecting build traces ...

Route (app)                                                          Size  First Load JS
┌ ƒ /                                                             29.5 kB         276 kB
├ ƒ /_not-found                                                   1.31 kB         110 kB
├ ○ /.well-known/apple-app-site-association                       1.31 kB         110 kB
├ ƒ /.well-known/change-password                                  1.31 kB         110 kB
├ ƒ /.well-known/workflow/v1/flow                                 1.31 kB         110 kB
├ ƒ /.well-known/workflow/v1/step                                 1.31 kB         110 kB
├ ƒ /.well-known/workflow/v1/webhook/[token]                      1.31 kB         110 kB
├ ƒ /about                                                          561 B         198 kB
├ ƒ /about/features                                                 561 B         198 kB
├ ƒ /about/field-work                                               560 B         198 kB
├ ○ /about/opengraph-image-17nj2n                                 1.31 kB         110 kB
├ ƒ /about/security                                                 561 B         198 kB
├ ƒ /about/tech-stack                                               562 B         198 kB
├ ƒ /accountability                                                 16 kB         256 kB
├ ƒ /admin/fix-today                                              1.31 kB         110 kB
├ ƒ /api/accountability                                           1.31 kB         110 kB
├ ƒ /api/accountability/exclusions                                1.31 kB         110 kB
├ ƒ /api/accountability/exclusions/[bookingId]                    1.31 kB         110 kB
├ ƒ /api/admin/fix-today                                          1.32 kB         110 kB
├ ƒ /api/admin/role-preview                                       1.31 kB         110 kB
├ ƒ /api/allowed-emails                                           1.31 kB         110 kB
├ ƒ /api/allowed-emails/[id]                                      1.31 kB         110 kB
├ ƒ /api/allowed-emails/preview                                   1.31 kB         110 kB
├ ƒ /api/assets                                                   1.32 kB         110 kB
├ ƒ /api/assets/[id]                                              1.31 kB         110 kB
├ ƒ /api/assets/[id]/accessories                                  1.31 kB         110 kB
├ ƒ /api/assets/[id]/activity                                     1.31 kB         110 kB
├ ƒ /api/assets/[id]/duplicate                                    1.31 kB         110 kB
├ ƒ /api/assets/[id]/favorite                                     1.31 kB         110 kB
├ ƒ /api/assets/[id]/generate-qr                                  1.31 kB         110 kB
├ ƒ /api/assets/[id]/image                                        1.31 kB         110 kB
├ ƒ /api/assets/[id]/insights                                     1.31 kB         110 kB
├ ƒ /api/assets/[id]/maintenance                                  1.31 kB         110 kB
├ ƒ /api/assets/[id]/retire                                       1.31 kB         110 kB
├ ƒ /api/assets/brands                                            1.32 kB         110 kB
├ ƒ /api/assets/bulk                                              1.31 kB         110 kB
├ ƒ /api/assets/export                                            1.32 kB         110 kB
├ ƒ /api/assets/favorites/bulk                                    1.31 kB         110 kB
├ ƒ /api/assets/import                                            1.31 kB         110 kB
├ ƒ /api/assets/picker-search                                     1.31 kB         110 kB
├ ƒ /api/audit                                                    1.31 kB         110 kB
├ ƒ /api/audit/export                                             1.31 kB         110 kB
├ ƒ /api/audit/last                                               1.31 kB         110 kB
├ ƒ /api/auth/discover                                            1.31 kB         110 kB
├ ƒ /api/auth/forgot-password                                     1.31 kB         110 kB
├ ƒ /api/auth/login                                               1.32 kB         110 kB
├ ƒ /api/auth/logout                                              1.31 kB         110 kB
├ ƒ /api/auth/passkey/login/options                               1.31 kB         110 kB
├ ƒ /api/auth/passkey/login/verify                                1.32 kB         110 kB
├ ƒ /api/auth/passkey/registration/options                        1.31 kB         110 kB
├ ƒ /api/auth/passkey/registration/verify                         1.31 kB         110 kB
├ ƒ /api/auth/register                                            1.31 kB         110 kB
├ ƒ /api/auth/reset-password                                      1.31 kB         110 kB
├ ƒ /api/auth/reset-password/account                              1.31 kB         110 kB
├ ƒ /api/availability/check                                       1.31 kB         110 kB
├ ƒ /api/badges                                                   1.31 kB         110 kB
├ ƒ /api/badges/award                                             1.31 kB         110 kB
├ ƒ /api/badges/award/[id]                                        1.31 kB         110 kB
├ ƒ /api/badges/award/bulk                                        1.31 kB         110 kB
├ ƒ /api/badges/events/app-open                                   1.31 kB         110 kB
├ ƒ /api/badges/recent                                            1.31 kB         110 kB
├ ƒ /api/badges/user/[userId]                                     1.31 kB         110 kB
├ ƒ /api/blasts                                                   1.31 kB         110 kB
├ ƒ /api/blasts/[id]                                              1.32 kB         110 kB
├ ƒ /api/blasts/[id]/cancel                                       1.31 kB         110 kB
├ ƒ /api/blasts/preview                                           1.32 kB         110 kB
├ ƒ /api/bookings                                                 1.32 kB         110 kB
├ ƒ /api/bookings/[id]                                            1.31 kB         110 kB
├ ƒ /api/bookings/[id]/audit-logs                                 1.32 kB         110 kB
├ ƒ /api/bookings/[id]/cancel                                     1.32 kB         110 kB
├ ƒ /api/bookings/[id]/custody-scope                              1.31 kB         110 kB
├ ƒ /api/bookings/[id]/events                                     1.32 kB         110 kB
├ ƒ /api/bookings/[id]/extend                                     1.31 kB         110 kB
├ ƒ /api/bookings/[id]/force-complete                             1.31 kB         110 kB
├ ƒ /api/bookings/[id]/nudge                                      1.31 kB         110 kB
├ ƒ /api/bookings/[id]/reuse-plan                                 1.31 kB         110 kB
├ ƒ /api/bookings/[id]/serialized-items/[itemId]/holder           1.31 kB         110 kB
├ ƒ /api/bookings/[id]/transfer-owner                             1.31 kB         110 kB
├ ƒ /api/bookings/changes                                         1.31 kB         110 kB
├ ƒ /api/bookings/export                                          1.31 kB         110 kB
├ ƒ /api/bulk-skus                                                1.32 kB         110 kB
├ ƒ /api/bulk-skus/[id]                                           1.31 kB         110 kB
├ ƒ /api/bulk-skus/[id]/activity                                  1.31 kB         110 kB
├ ƒ /api/bulk-skus/[id]/adjust                                    1.31 kB         110 kB
├ ƒ /api/bulk-skus/[id]/convert-to-numbered                       1.31 kB         110 kB
├ ƒ /api/bulk-skus/[id]/favorite                                  1.31 kB         110 kB
├ ƒ /api/bulk-skus/[id]/image                                     1.32 kB         110 kB
├ ƒ /api/bulk-skus/[id]/products                                  1.31 kB         110 kB
├ ƒ /api/bulk-skus/[id]/products/[productId]                      1.32 kB         110 kB
├ ƒ /api/bulk-skus/[id]/qr-code                                   1.31 kB         110 kB
├ ƒ /api/bulk-skus/[id]/units                                     1.31 kB         110 kB
├ ƒ /api/bulk-skus/[id]/units/[unitNumber]                        1.31 kB         110 kB
├ ƒ /api/bulk-skus/[id]/units/[unitNumber]/product                1.31 kB         110 kB
├ ƒ /api/bulk-skus/[id]/units/labels                              1.31 kB         110 kB
├ ƒ /api/bulk-skus/batteries                                      1.31 kB         110 kB
├ ƒ /api/bulk-skus/batteries/repair-stale                         1.31 kB         110 kB
├ ƒ /api/calendar                                                 1.31 kB         110 kB
├ ƒ /api/calendar-events                                          1.32 kB         110 kB
├ ƒ /api/calendar-events/[id]                                     1.31 kB         110 kB
├ ƒ /api/calendar-events/[id]/command-center                      1.31 kB         110 kB
├ ƒ /api/calendar-events/[id]/travel                              1.31 kB         110 kB
├ ƒ /api/calendar-events/[id]/travel/[memberId]                   1.31 kB         110 kB
├ ƒ /api/calendar-events/[id]/travel/defaults                     1.31 kB         110 kB
├ ƒ /api/calendar-events/[id]/visibility                          1.31 kB         110 kB
├ ƒ /api/calendar-events/[id]/workers                             1.31 kB         110 kB
├ ƒ /api/calendar-events/[id]/workers/[workerId]                  1.31 kB         110 kB
├ ƒ /api/calendar-events/combine                                  1.31 kB         110 kB
├ ƒ /api/calendar-sources                                         1.31 kB         110 kB
├ ƒ /api/calendar-sources/[id]                                    1.32 kB         110 kB
├ ƒ /api/calendar-sources/[id]/sync                               1.31 kB         110 kB
├ ƒ /api/calendar-sources/test                                    1.31 kB         110 kB
├ ƒ /api/categories                                               1.31 kB         110 kB
├ ƒ /api/categories/[id]                                          1.31 kB         110 kB
├ ƒ /api/checkouts                                                1.31 kB         110 kB
├ ƒ /api/checkouts/[id]/admin-override                            1.31 kB         110 kB
├ ƒ /api/checkouts/[id]/checkin-bulk                              1.32 kB         110 kB
├ ƒ /api/checkouts/[id]/checkin-items                             1.31 kB         110 kB
├ ƒ /api/checkouts/[id]/checkin-report                            1.31 kB         110 kB
├ ƒ /api/checkouts/[id]/checkin-scan                              1.31 kB         110 kB
├ ƒ /api/checkouts/[id]/complete-checkin                          1.31 kB         110 kB
├ ƒ /api/checkouts/[id]/complete-checkout                         1.31 kB         110 kB
├ ƒ /api/checkouts/[id]/scan                                      1.31 kB         110 kB
├ ƒ /api/checkouts/[id]/scan-status                               1.31 kB         110 kB
├ ƒ /api/checkouts/[id]/start-scan-session                        1.31 kB         110 kB
├ ƒ /api/checkouts/merge                                          1.31 kB         110 kB
├ ƒ /api/checkouts/merge/preview                                  1.31 kB         110 kB
├ ƒ /api/collaborator-affiliations                                1.31 kB         110 kB
├ ƒ /api/collaborator-affiliations/[id]                           1.31 kB         110 kB
├ ƒ /api/collaborator-affiliations/[id]/history                   1.31 kB         110 kB
├ ƒ /api/collaborator-affiliations/[id]/preview                   1.32 kB         110 kB
├ ƒ /api/collaborator-affiliations/[id]/restore                   1.31 kB         110 kB
├ ƒ /api/companion/devices                                        1.31 kB         110 kB
├ ƒ /api/companion/projection                                     1.31 kB         110 kB
├ ƒ /api/companion/session                                        1.31 kB         110 kB
├ ƒ /api/cron/audit-archive                                       1.31 kB         110 kB
├ ƒ /api/cron/live-activities                                     1.31 kB         110 kB
├ ƒ /api/cron/morning-refresh                                     1.31 kB         110 kB
├ ƒ /api/cron/notifications                                       1.31 kB         110 kB
├ ƒ /api/cron/rehost-images                                       1.31 kB         110 kB
├ ƒ /api/dashboard                                                1.31 kB         110 kB
├ ƒ /api/dashboard/stats                                          1.31 kB         110 kB
├ ƒ /api/db-diagnostics                                           1.31 kB         110 kB
├ ƒ /api/departments                                              1.32 kB         110 kB
├ ƒ /api/departments/[id]                                         1.31 kB         110 kB
├ ƒ /api/devices                                                  1.32 kB         110 kB
├ ƒ /api/devices/test                                             1.31 kB         110 kB
├ ƒ /api/diagnostics                                              1.31 kB         110 kB
├ ƒ /api/drafts                                                   1.31 kB         110 kB
├ ƒ /api/drafts/[id]                                              1.31 kB         110 kB
├ ƒ /api/form-options                                             1.31 kB         110 kB
├ ƒ /api/image-search                                             1.31 kB         110 kB
├ ƒ /api/inventory-hygiene                                        1.31 kB         110 kB
├ ƒ /api/items-page-init                                          1.31 kB         110 kB
├ ƒ /api/items/changes                                            1.31 kB         110 kB
├ ƒ /api/kiosk-devices                                            1.31 kB         110 kB
├ ƒ /api/kiosk-devices/[id]                                       1.31 kB         110 kB
├ ƒ /api/kiosk-devices/[id]/regenerate-code                       1.31 kB         110 kB
├ ƒ /api/kiosk/activate                                           1.31 kB         110 kB
├ ƒ /api/kiosk/checkin/[id]/complete                              1.31 kB         110 kB
├ ƒ /api/kiosk/checkin/[id]/quantity                              1.31 kB         110 kB
├ ƒ /api/kiosk/checkin/[id]/scan                                  1.31 kB         110 kB
├ ƒ /api/kiosk/checkout/[id]                                      1.31 kB         110 kB
├ ƒ /api/kiosk/checkout/[id]/transfer                             1.32 kB         110 kB
├ ƒ /api/kiosk/checkout/availability                              1.31 kB         110 kB
├ ƒ /api/kiosk/checkout/complete                                  1.31 kB         110 kB
├ ƒ /api/kiosk/checkout/scan                                      1.31 kB         110 kB
├ ƒ /api/kiosk/dashboard                                          1.31 kB         110 kB
├ ƒ /api/kiosk/events                                             1.31 kB         110 kB
├ ƒ /api/kiosk/heartbeat                                          1.31 kB         110 kB
├ ƒ /api/kiosk/identify                                           1.31 kB         110 kB
├ ƒ /api/kiosk/kits                                               1.31 kB         110 kB
├ ƒ /api/kiosk/kits/[id]                                          1.31 kB         110 kB
├ ƒ /api/kiosk/me                                                 1.31 kB         110 kB
├ ƒ /api/kiosk/pickup/[id]/confirm                                1.31 kB         110 kB
├ ƒ /api/kiosk/pickup/[id]/scan                                   1.31 kB         110 kB
├ ƒ /api/kiosk/pickup/[id]/substitute                             1.32 kB         110 kB
├ ƒ /api/kiosk/reservation/[id]/items                             1.31 kB         110 kB
├ ƒ /api/kiosk/resolve-scan                                       1.31 kB         110 kB
├ ƒ /api/kiosk/scan-lookup                                        1.31 kB         110 kB
├ ƒ /api/kiosk/student/[userId]                                   1.31 kB         110 kB
├ ƒ /api/kiosk/users                                              1.31 kB         110 kB
├ ƒ /api/kits                                                     1.32 kB         110 kB
├ ƒ /api/kits/[id]                                                1.32 kB         110 kB
├ ƒ /api/kits/[id]/bulk-members                                   1.31 kB         110 kB
├ ƒ /api/kits/[id]/clone                                          1.31 kB         110 kB
├ ƒ /api/kits/[id]/members                                        1.32 kB         110 kB
├ ƒ /api/kits/[id]/members/[membershipId]                         1.31 kB         110 kB
├ ƒ /api/licenses                                                 1.31 kB         110 kB
├ ƒ /api/licenses/[id]                                            1.31 kB         110 kB
├ ƒ /api/licenses/[id]/claim                                      1.31 kB         110 kB
├ ƒ /api/licenses/[id]/history                                    1.31 kB         110 kB
├ ƒ /api/licenses/[id]/occupy                                     1.31 kB         110 kB
├ ƒ /api/licenses/[id]/release                                    1.31 kB         110 kB
├ ƒ /api/licenses/bulk                                            1.31 kB         110 kB
├ ƒ /api/licenses/export                                          1.31 kB         110 kB
├ ƒ /api/licenses/my                                              1.31 kB         110 kB
├ ƒ /api/licenses/my/history                                      1.31 kB         110 kB
├ ƒ /api/live-activities/checkout-return                          1.31 kB         110 kB
├ ƒ /api/live-activities/checkout-return/start-token              1.31 kB         110 kB
├ ƒ /api/location-mappings                                        1.31 kB         110 kB
├ ƒ /api/location-mappings/[id]                                   1.31 kB         110 kB
├ ƒ /api/location-mappings/audit                                  1.31 kB         110 kB
├ ƒ /api/locations                                                1.31 kB         110 kB
├ ƒ /api/locations/[id]                                           1.31 kB         110 kB
├ ƒ /api/me                                                       1.31 kB         110 kB
├ ƒ /api/me/account                                               1.31 kB         110 kB
├ ƒ /api/me/blasts                                                1.31 kB         110 kB
├ ƒ /api/me/blasts/[id]/ack                                       1.31 kB         110 kB
├ ƒ /api/me/blasts/[id]/read                                      1.31 kB         110 kB
├ ƒ /api/me/change-password                                       1.31 kB         110 kB
├ ƒ /api/me/notification-preferences                              1.31 kB         110 kB
├ ƒ /api/me/passkeys                                              1.31 kB         110 kB
├ ƒ /api/me/passkeys/[id]                                         1.31 kB         110 kB
├ ƒ /api/me/profile                                               1.31 kB         110 kB
├ ƒ /api/me/profile-completion                                    1.31 kB         110 kB
├ ƒ /api/me/sessions                                              1.31 kB         110 kB
├ ƒ /api/me/sessions/[id]                                         1.31 kB         110 kB
├ ƒ /api/my-shifts                                                1.31 kB         110 kB
├ ƒ /api/notifications                                            1.32 kB         110 kB
├ ƒ /api/notifications/count                                      1.31 kB         110 kB
├ ƒ /api/notifications/nudge                                      1.31 kB         110 kB
├ ƒ /api/notifications/process                                    1.31 kB         110 kB
├ ƒ /api/product-events                                           1.31 kB         110 kB
├ ƒ /api/profile                                                  1.31 kB         110 kB
├ ƒ /api/push/web                                                 1.31 kB         110 kB
├ ƒ /api/push/web/test                                            1.31 kB         110 kB
├ ƒ /api/reports/audit                                            1.31 kB         110 kB
├ ƒ /api/reports/badges                                           1.31 kB         110 kB
├ ƒ /api/reports/bulk-losses                                      1.31 kB         110 kB
├ ƒ /api/reports/checkouts                                        1.32 kB         110 kB
├ ƒ /api/reports/overdue                                          1.31 kB         110 kB
├ ƒ /api/reports/scans                                            1.31 kB         110 kB
├ ƒ /api/reports/usage                                            1.31 kB         110 kB
├ ƒ /api/reports/utilization                                      1.31 kB         110 kB
├ ƒ /api/reservations                                             1.31 kB         110 kB
├ ƒ /api/reservations/[id]/cancel                                 1.32 kB         110 kB
├ ƒ /api/reservations/[id]/close-remaining                        1.31 kB         110 kB
├ ƒ /api/reservations/[id]/convert                                1.31 kB         110 kB
├ ƒ /api/reservations/[id]/duplicate                              1.31 kB         110 kB
├ ƒ /api/reservations/[id]/force-checkout                         1.31 kB         110 kB
├ ƒ /api/reservations/candidates                                  1.32 kB         110 kB
├ ƒ /api/reservations/merge                                       1.32 kB         110 kB
├ ƒ /api/reservations/merge/preview                               1.31 kB         110 kB
├ ƒ /api/resources                                                1.31 kB         110 kB
├ ƒ /api/resources/[id]                                           1.31 kB         110 kB
├ ƒ /api/resources/assets                                         1.31 kB         110 kB
├ ƒ /api/resources/assets/[id]                                    1.31 kB         110 kB
├ ƒ /api/resources/assets/[id]/download                           1.31 kB         110 kB
├ ƒ /api/resources/assets/[id]/favorite                           1.31 kB         110 kB
├ ƒ /api/resources/assets/[id]/restore                            1.31 kB         110 kB
├ ƒ /api/resources/assets/complete                                1.31 kB         110 kB
├ ƒ /api/resources/assets/folders                                 1.32 kB         110 kB
├ ƒ /api/resources/assets/upload-token                            1.32 kB         110 kB
├ ƒ /api/resources/import                                         1.31 kB         110 kB
├ ƒ /api/resources/upload-image                                   1.31 kB         110 kB
├ ƒ /api/schedule/automation                                      1.31 kB         110 kB
├ ƒ /api/schedule/bulk-assignment/apply                           1.31 kB         110 kB
├ ƒ /api/schedule/bulk-assignment/batches                         1.31 kB         110 kB
├ ƒ /api/schedule/bulk-assignment/batches/[id]/cancel             1.31 kB         110 kB
├ ƒ /api/schedule/bulk-assignment/preview                         1.31 kB         110 kB
├ ƒ /api/schedule/export                                          1.31 kB         110 kB
├ ƒ /api/schedule/health                                          1.32 kB         110 kB
├ ƒ /api/schedule/open-work                                       1.32 kB         110 kB
├ ƒ /api/schedule/published                                       1.31 kB         110 kB
├ ƒ /api/schedule/published/[id]                                  1.31 kB         110 kB
├ ƒ /api/schedule/published/[id]/follow                           1.31 kB         110 kB
├ ƒ /api/schedule/sport-roster                                    1.31 kB         110 kB
├ ƒ /api/schedule/sport-setup                                     1.31 kB         110 kB
├ ƒ /api/schedule/sport-setup/match                               1.31 kB         110 kB
├ ƒ /api/scoreboard                                               1.31 kB         110 kB
├ ƒ /api/seed                                                     1.31 kB         110 kB
├ ƒ /api/settings/app-activity                                    1.31 kB         110 kB
├ ƒ /api/settings/checkout-policies                               1.31 kB         110 kB
├ ƒ /api/settings/escalation                                      1.31 kB         110 kB
├ ƒ /api/settings/extend-presets                                  1.32 kB         110 kB
├ ƒ /api/settings/non-game-schedule                               1.32 kB         110 kB
├ ƒ /api/settings/reservation-rules                               1.31 kB         110 kB
├ ƒ /api/shift-assignments                                        1.31 kB         110 kB
├ ƒ /api/shift-assignments/[id]                                   1.31 kB         110 kB
├ ƒ /api/shift-assignments/[id]/acknowledge                       1.31 kB         110 kB
├ ƒ /api/shift-assignments/[id]/approve                           1.31 kB         110 kB
├ ƒ /api/shift-assignments/[id]/attendance                        1.31 kB         110 kB
├ ƒ /api/shift-assignments/[id]/decline                           1.31 kB         110 kB
├ ƒ /api/shift-assignments/[id]/repair-role-slot                  1.31 kB         110 kB
├ ƒ /api/shift-assignments/[id]/swap                              1.31 kB         110 kB
├ ƒ /api/shift-assignments/[id]/withdraw                          1.31 kB         110 kB
├ ƒ /api/shift-assignments/pickup                                 1.31 kB         110 kB
├ ƒ /api/shift-assignments/request                                1.31 kB         110 kB
├ ƒ /api/shift-groups                                             1.31 kB         110 kB
├ ƒ /api/shift-groups/[id]                                        1.31 kB         110 kB
├ ƒ /api/shift-groups/[id]/archive                                1.31 kB         110 kB
├ ƒ /api/shift-groups/[id]/auto-assign                            1.31 kB         110 kB
├ ƒ /api/shift-groups/[id]/auto-assign/preview                    1.31 kB         110 kB
├ ƒ /api/shift-groups/[id]/publish                                1.32 kB         110 kB
├ ƒ /api/shift-groups/[id]/regenerate                             1.32 kB         110 kB
├ ƒ /api/shift-groups/[id]/shifts                                 1.31 kB         110 kB
├ ƒ /api/shift-groups/[id]/shifts/[shiftId]                       1.31 kB         110 kB
├ ƒ /api/shift-groups/[id]/template-review                        1.32 kB         110 kB
├ ƒ /api/shift-groups/[id]/working-copy                           1.31 kB         110 kB
├ ƒ /api/shift-groups/[id]/working-copy/candidate-scores          1.31 kB         110 kB
├ ƒ /api/shift-trades                                             1.31 kB         110 kB
├ ƒ /api/shift-trades/[id]/approve                                1.31 kB         110 kB
├ ƒ /api/shift-trades/[id]/cancel                                 1.32 kB         110 kB
├ ƒ /api/shift-trades/[id]/claim                                  1.31 kB         110 kB
├ ƒ /api/shift-trades/[id]/decline                                1.31 kB         110 kB
├ ƒ /api/shift-trades/[id]/withdraw                               1.31 kB         110 kB
├ ƒ /api/shifts                                                   1.31 kB         110 kB
├ ƒ /api/shifts/[id]                                              1.31 kB         110 kB
├ ƒ /api/shifts/[id]/candidate-scores                             1.31 kB         110 kB
├ ƒ /api/shifts/[id]/conflicts                                    1.31 kB         110 kB
├ ƒ /api/shifts/backfill                                          1.31 kB         110 kB
├ ƒ /api/shifts/ics-token                                         1.31 kB         110 kB
├ ƒ /api/shifts/ics/[token]                                       1.31 kB         110 kB
├ ƒ /api/shifts/my-hours                                          1.32 kB         110 kB
├ ƒ /api/signatures/artifacts/[revisionId]/[kind]                 1.31 kB         110 kB
├ ƒ /api/signatures/cleanup                                       1.31 kB         110 kB
├ ƒ /api/signatures/collections                                   1.31 kB         110 kB
├ ƒ /api/signatures/collections/[id]                              1.31 kB         110 kB
├ ƒ /api/signatures/collections/[id]/archive                      1.31 kB         110 kB
├ ƒ /api/signatures/collections/[id]/capture/[memberId]           1.31 kB         110 kB
├ ƒ /api/signatures/collections/[id]/creative-staff               1.31 kB         110 kB
├ ƒ /api/signatures/collections/[id]/download                     1.31 kB         110 kB
├ ƒ /api/signatures/collections/[id]/members/[memberId]           1.32 kB         110 kB
├ ƒ /api/signatures/collections/[id]/members/[memberId]/required  1.32 kB         110 kB
├ ƒ /api/signatures/collections/[id]/reset                        1.32 kB         110 kB
├ ƒ /api/signatures/collections/[id]/restore                      1.31 kB         110 kB
├ ƒ /api/signatures/import/apply                                  1.32 kB         110 kB
├ ƒ /api/signatures/import/preview                                1.31 kB         110 kB
├ ƒ /api/software                                                 1.31 kB         110 kB
├ ƒ /api/software/[id]                                            1.32 kB         110 kB
├ ƒ /api/software/[id]/secret                                     1.31 kB         110 kB
├ ƒ /api/sport-configs                                            1.31 kB         110 kB
├ ƒ /api/sport-configs/[sportCode]                                1.31 kB         110 kB
├ ƒ /api/sport-configs/[sportCode]/roster                         1.32 kB         110 kB
├ ƒ /api/sport-configs/group                                      1.31 kB         110 kB
├ ƒ /api/student-areas                                            1.31 kB         110 kB
├ ƒ /api/users                                                    1.31 kB         110 kB
├ ƒ /api/users/[id]                                               1.31 kB         110 kB
├ ƒ /api/users/[id]/activity                                      1.31 kB         110 kB
├ ƒ /api/users/[id]/availability                                  1.31 kB         110 kB
├ ƒ /api/users/[id]/availability/[blockId]                        1.31 kB         110 kB
├ ƒ /api/users/[id]/avatar                                        1.31 kB         110 kB
├ ƒ /api/users/[id]/reset-password                                1.31 kB         110 kB
├ ƒ /api/users/[id]/role                                          1.31 kB         110 kB
├ ƒ /api/users/[id]/scoreboard                                    1.31 kB         110 kB
├ ƒ /api/users/bulk-create                                        1.31 kB         110 kB
├ ƒ /api/users/export                                             1.31 kB         110 kB
├ ƒ /api/users/hidden-cleanup                                     1.31 kB         110 kB
├ ƒ /api/users/onboarding-readiness                               1.31 kB         110 kB
├ ƒ /api/users/org-chart                                          1.31 kB         110 kB
├ ƒ /badges                                                       13.4 kB         244 kB
├ ƒ /blasts                                                       13.1 kB         194 kB
├ ƒ /blasts/[id]                                                  5.21 kB         161 kB
├ ƒ /bookings                                                     28.5 kB         318 kB
├ ƒ /bulk-inventory                                               1.31 kB         110 kB
├ ƒ /bulk-inventory/[id]                                          5.54 kB         249 kB
├ ƒ /bulk-inventory/batteries                                     22.2 kB         193 kB
├ ƒ /change-password                                              2.89 kB         144 kB
├ ƒ /checkouts                                                    1.31 kB         110 kB
├ ƒ /checkouts/[id]                                                 553 B         352 kB
├ ƒ /checkouts/new                                                1.31 kB         110 kB
├ ƒ /events                                                       1.31 kB         110 kB
├ ƒ /events/[id]                                                    22 kB         275 kB
├ ƒ /forgot-password                                              1.89 kB         146 kB
├ ƒ /import                                                       13.5 kB         222 kB
├ ƒ /items                                                        42.7 kB         343 kB
├ ƒ /items/[id]                                                   25.3 kB         351 kB
├ ƒ /items/hygiene                                                1.31 kB         110 kB
├ ƒ /kits                                                         20.1 kB         260 kB
├ ƒ /kits/[id]                                                    18.9 kB         261 kB
├ ƒ /labels                                                       8.63 kB         202 kB
├ ƒ /licenses                                                     30.2 kB         263 kB
├ ƒ /login                                                        9.65 kB         157 kB
├ ○ /manifest.webmanifest                                         1.31 kB         110 kB
├ ƒ /notifications                                                11.9 kB         225 kB
├ ƒ /operations                                                   11.8 kB         173 kB
├ ƒ /privacy                                                        356 B         113 kB
├ ƒ /profile                                                      1.77 kB         138 kB
├ ƒ /register                                                     1.31 kB         110 kB
├ ƒ /reports                                                      1.31 kB         110 kB
├ ƒ /reports/audit                                                57.5 kB         333 kB
├ ƒ /reports/badges                                               6.41 kB         243 kB
├ ƒ /reports/bulk-losses                                          5.37 kB         242 kB
├ ƒ /reports/checkouts                                            7.47 kB         244 kB
├ ƒ /reports/overdue                                               117 kB         360 kB
├ ƒ /reports/scans                                                6.36 kB         243 kB
├ ƒ /reports/usage                                                2.45 kB         194 kB
├ ƒ /reports/utilization                                          6.16 kB         243 kB
├ ƒ /reservations                                                 1.31 kB         110 kB
├ ƒ /reservations/[id]                                              553 B         352 kB
├ ƒ /reservations/new                                             39.3 kB         254 kB
├ ƒ /reset-password                                               3.37 kB         148 kB
├ ƒ /resources                                                      61 kB         339 kB
├ ƒ /resources/[slug]                                             59.7 kB         272 kB
├ ƒ /resources/[slug]/edit                                         6.7 kB         215 kB
├ ƒ /resources/new                                                6.33 kB         215 kB
├ ○ /robots.txt                                                   1.31 kB         110 kB
├ ƒ /schedule                                                       48 kB         407 kB
├ ƒ /schedule/assign                                              18.9 kB         302 kB
├ ƒ /scoreboard                                                   13.7 kB         249 kB
├ ƒ /scoreboard/[id]                                                 3 kB         239 kB
├ ƒ /search                                                       9.46 kB         238 kB
├ ƒ /settings                                                     7.92 kB         188 kB
├ ƒ /settings/allowed-emails                                      8.55 kB         262 kB
├ ƒ /settings/app-activity                                        12.3 kB         202 kB
├ ƒ /settings/appearance                                           7.6 kB         197 kB
├ ƒ /settings/audit                                               15.1 kB         205 kB
├ ƒ /settings/bookings                                             2.4 kB         200 kB
├ ƒ /settings/calendar-sources                                     7.4 kB         245 kB
├ ƒ /settings/categories                                          25.4 kB         250 kB
├ ƒ /settings/checkout-policies                                   3.09 kB         201 kB
├ ƒ /settings/collaborator-access                                 14.6 kB         218 kB
├ ƒ /settings/data-export                                         6.77 kB         196 kB
├ ƒ /settings/database                                             8.8 kB         189 kB
├ ƒ /settings/departments                                         4.58 kB         239 kB
├ ƒ /settings/escalation                                          13.6 kB         233 kB
├ ƒ /settings/kiosk-devices                                       7.86 kB         249 kB
├ ƒ /settings/locations                                           6.75 kB         241 kB
├ ƒ /settings/notifications                                       15.3 kB         205 kB
├ ƒ /settings/profile                                             8.27 kB         249 kB
├ ƒ /settings/reservation-rules                                   3.08 kB         201 kB
├ ƒ /settings/security                                            6.48 kB         220 kB
├ ƒ /settings/sports                                              17.1 kB         282 kB
├ ƒ /settings/venue-mappings                                      15.9 kB         244 kB
├ ƒ /signatures                                                   6.03 kB         262 kB
├ ƒ /signatures/[id]                                              11.8 kB         273 kB
├ ƒ /signatures/[id]/capture/[memberId]                           9.77 kB         167 kB
├ ƒ /support                                                        356 B         113 kB
├ ƒ /users                                                        11.8 kB         275 kB
├ ƒ /users/[id]                                                   44.3 kB         329 kB
├ ƒ /users/onboarding-status                                        17 kB         204 kB
├ ƒ /users/org-chart                                              11.5 kB         133 kB
└ ƒ /welcome                                                      9.01 kB         136 kB
+ First Load JS shared by all                                      109 kB
  ├ chunks/41985-e93b30d349348843.js                              47.9 kB
  ├ chunks/4bd1b696-a53fce32f507ce6f.js                           54.4 kB
  └ other shared chunks (total)                                   6.55 kB


ƒ Middleware                                                      96.8 kB

○  (Static)   prerendered as static content
ƒ  (Dynamic)  server-rendered on demand

